+++**********************************************************************+++
+++                                                                      +++
+++ PumpKin: A tool to find principal pathways in plasma chemical models +++
+++ Copyright© 2013-2015 Aram H Markosyan.                               +++
+++                                                                      +++
+++ This program is free software; you can redistribute it and/or        +++
+++ modify it under the terms of the GNU General Public License          +++
+++ as published by the Free Software Foundation; either version 2       +++
+++ of the License, or (at your option) any later version.               +++
+++ This program is distributed in the hope that it will be useful,      +++
+++ but WITHOUT ANY WARRANTY; without even the implied warranty of       +++
+++ MERCHANTABILITY or FITNESS FOR A PARTICULAR PURPOSE.  See the        +++
+++ GNU General Public License for more details.                         +++
+++                                                                      +++
+++ Point of Contact:   Dr. Aram H. Markosyan                            +++
+++ Address: University of Michigan, Electrical Engineering and Computer +++
+++ Science Department, 1301 Beal Ave, Ann Arbor, MI 48109-2122          +++
+++ Email: armarkos@umich.edu                                            +++
+++ Tel: 734-647-4840                                                    +++
+++ Homepage: www.markosyanaram.com                                      +++
+++                                                                      +++
+++**********************************************************************+++


terminate called after throwing an instance of 'char const*'
